// Jest Snapshot v1, https://goo.gl/fbAQLP

exports[`KmsEncryptionKey creates KMS Encryption Key with administratorRoleArns 1`] = `
Object {
  "Resources": Object {
    "KeyEncryptionKey5B3DD479": Object {
      "DeletionPolicy": "Retain",
      "Properties": Object {
        "Description": "Test Key",
        "KeyPolicy": Object {
          "Statement": Array [
            Object {
              "Action": "kms:*",
              "Effect": "Allow",
              "Principal": Object {
                "AWS": "arn:aws:iam::123456789012:role/Administrator",
              },
              "Resource": "*",
            },
            Object {
              "Action": Array [
                "kms:Create*",
                "kms:Describe*",
                "kms:Enable*",
                "kms:List*",
                "kms:Put*",
                "kms:Update*",
                "kms:Revoke*",
                "kms:Disable*",
                "kms:Get*",
                "kms:Delete*",
                "kms:ScheduleKeyDeletion",
                "kms:CancelKeyDeletion",
                "kms:GenerateDataKey",
                "kms:TagResource",
                "kms:UntagResource",
              ],
              "Effect": "Allow",
              "Principal": Object {
                "AWS": Object {
                  "Fn::Join": Array [
                    "",
                    Array [
                      "arn:",
                      Object {
                        "Ref": "AWS::Partition",
                      },
                      ":iam::",
                      Object {
                        "Ref": "AWS::AccountId",
                      },
                      ":root",
                    ],
                  ],
                },
              },
              "Resource": "*",
            },
          ],
          "Version": "2012-10-17",
        },
        "Tags": Array [
          Object {
            "Key": "alias",
            "Value": "test-key",
          },
          Object {
            "Key": "environment",
            "Value": "DEV",
          },
        ],
      },
      "Type": "AWS::KMS::Key",
      "UpdateReplacePolicy": "Retain",
    },
    "KeyEncryptionKeyAlias217383C0": Object {
      "Properties": Object {
        "AliasName": "alias/test-key",
        "TargetKeyId": Object {
          "Fn::GetAtt": Array [
            "KeyEncryptionKey5B3DD479",
            "Arn",
          ],
        },
      },
      "Type": "AWS::KMS::Alias",
    },
  },
}
`;
